  Determining projects to restore...
  All projects are up-to-date for restore.
  SkillSwap.Domain -> C:\Users\azizn\OneDrive\Desktop\Code Plus Sessions\CodePlus_Graduation\SkillSwap.Domain\bin\Debug\net8.0\SkillSwap.Domain.dll
  SkillSwap.Application -> C:\Users\azizn\OneDrive\Desktop\Code Plus Sessions\CodePlus_Graduation\SkillSwap.Application\bin\Debug\net8.0\SkillSwap.Application.dll
C:\Users\azizn\OneDrive\Desktop\Code Plus Sessions\CodePlus_Graduation\SkillSwap.Web\Controllers\AdminController.cs(37,13): error CS0117: 'ResolveReportRequest' does not contain a definition for 'ActionTaken' [C:\Users\azizn\OneDrive\Desktop\Code Plus Sessions\CodePlus_Graduation\SkillSwap.Web\SkillSwap.Web.csproj]
C:\Users\azizn\OneDrive\Desktop\Code Plus Sessions\CodePlus_Graduation\SkillSwap.Web\Views\Admin\Index.cshtml(90,58): error CS0019: Operator '==' cannot be applied to operands of type 'ReportStatus' and 'string' [C:\Users\azizn\OneDrive\Desktop\Code Plus Sessions\CodePlus_Graduation\SkillSwap.Web\SkillSwap.Web.csproj]
C:\Users\azizn\OneDrive\Desktop\Code Plus Sessions\CodePlus_Graduation\SkillSwap.Web\Views\Admin\Index.cshtml(95,42): error CS0019: Operator '!=' cannot be applied to operands of type 'ReportStatus' and 'string' [C:\Users\azizn\OneDrive\Desktop\Code Plus Sessions\CodePlus_Graduation\SkillSwap.Web\SkillSwap.Web.csproj]
C:\Users\azizn\OneDrive\Desktop\Code Plus Sessions\CodePlus_Graduation\SkillSwap.Web\Controllers\SessionsController.cs(72,52): error CS0117: 'CompleteSessionRequest' does not contain a definition for 'CompletedNotes' [C:\Users\azizn\OneDrive\Desktop\Code Plus Sessions\CodePlus_Graduation\SkillSwap.Web\SkillSwap.Web.csproj]
C:\Users\azizn\OneDrive\Desktop\Code Plus Sessions\CodePlus_Graduation\SkillSwap.Web\Controllers\PaymentsController.cs(37,51): error CS0246: The type or namespace name 'CheckoutSessionResponseDTO' could not be found (are you missing a using directive or an assembly reference?) [C:\Users\azizn\OneDrive\Desktop\Code Plus Sessions\CodePlus_Graduation\SkillSwap.Web\SkillSwap.Web.csproj]
C:\Users\azizn\OneDrive\Desktop\Code Plus Sessions\CodePlus_Graduation\SkillSwap.Web\Controllers\AuthController.cs(54,69): error CS1061: 'AuthResponseDTO' does not contain a definition for 'Email' and no accessible extension method 'Email' accepting a first argument of type 'AuthResponseDTO' could be found (are you missing a using directive or an assembly reference?) [C:\Users\azizn\OneDrive\Desktop\Code Plus Sessions\CodePlus_Graduation\SkillSwap.Web\SkillSwap.Web.csproj]
C:\Users\azizn\OneDrive\Desktop\Code Plus Sessions\CodePlus_Graduation\SkillSwap.Web\Controllers\AuthController.cs(59,53): error CS1061: 'AuthResponseDTO' does not contain a definition for 'FullName' and no accessible extension method 'FullName' accepting a first argument of type 'AuthResponseDTO' could be found (are you missing a using directive or an assembly reference?) [C:\Users\azizn\OneDrive\Desktop\Code Plus Sessions\CodePlus_Graduation\SkillSwap.Web\SkillSwap.Web.csproj]
C:\Users\azizn\OneDrive\Desktop\Code Plus Sessions\CodePlus_Graduation\SkillSwap.Web\Controllers\PaymentsController.cs(52,63): error CS0117: 'CreateSubscriptionCheckoutRequest' does not contain a definition for 'PlanType' [C:\Users\azizn\OneDrive\Desktop\Code Plus Sessions\CodePlus_Graduation\SkillSwap.Web\SkillSwap.Web.csproj]
C:\Users\azizn\OneDrive\Desktop\Code Plus Sessions\CodePlus_Graduation\SkillSwap.Web\Controllers\PaymentsController.cs(53,51): error CS0246: The type or namespace name 'CheckoutSessionResponseDTO' could not be found (are you missing a using directive or an assembly reference?) [C:\Users\azizn\OneDrive\Desktop\Code Plus Sessions\CodePlus_Graduation\SkillSwap.Web\SkillSwap.Web.csproj]
C:\Users\azizn\OneDrive\Desktop\Code Plus Sessions\CodePlus_Graduation\SkillSwap.Web\Views\Auth\Register.cshtml(57,49): error CS1061: 'RegisterRequest' does not contain a definition for 'ConfirmPassword' and no accessible extension method 'ConfirmPassword' accepting a first argument of type 'RegisterRequest' could be found (are you missing a using directive or an assembly reference?) [C:\Users\azizn\OneDrive\Desktop\Code Plus Sessions\CodePlus_Graduation\SkillSwap.Web\SkillSwap.Web.csproj]
C:\Users\azizn\OneDrive\Desktop\Code Plus Sessions\CodePlus_Graduation\SkillSwap.Web\Views\Auth\Register.cshtml(59,55): error CS1061: 'RegisterRequest' does not contain a definition for 'ConfirmPassword' and no accessible extension method 'ConfirmPassword' accepting a first argument of type 'RegisterRequest' could be found (are you missing a using directive or an assembly reference?) [C:\Users\azizn\OneDrive\Desktop\Code Plus Sessions\CodePlus_Graduation\SkillSwap.Web\SkillSwap.Web.csproj]
C:\Users\azizn\OneDrive\Desktop\Code Plus Sessions\CodePlus_Graduation\SkillSwap.Web\Views\Auth\ResetPassword.cshtml(39,45): error CS1061: 'ResetPasswordRequest' does not contain a definition for 'ConfirmPassword' and no accessible extension method 'ConfirmPassword' accepting a first argument of type 'ResetPasswordRequest' could be found (are you missing a using directive or an assembly reference?) [C:\Users\azizn\OneDrive\Desktop\Code Plus Sessions\CodePlus_Graduation\SkillSwap.Web\SkillSwap.Web.csproj]
C:\Users\azizn\OneDrive\Desktop\Code Plus Sessions\CodePlus_Graduation\SkillSwap.Web\Views\Chat\Index.cshtml(34,62): error CS1061: 'ConversationDTO' does not contain a definition for 'OtherUserAvatarUrl' and no accessible extension method 'OtherUserAvatarUrl' accepting a first argument of type 'ConversationDTO' could be found (are you missing a using directive or an assembly reference?) [C:\Users\azizn\OneDrive\Desktop\Code Plus Sessions\CodePlus_Graduation\SkillSwap.Web\SkillSwap.Web.csproj]
C:\Users\azizn\OneDrive\Desktop\Code Plus Sessions\CodePlus_Graduation\SkillSwap.Web\Views\Chat\Index.cshtml(36,72): error CS1061: 'ConversationDTO' does not contain a definition for 'OtherUserAvatarUrl' and no accessible extension method 'OtherUserAvatarUrl' accepting a first argument of type 'ConversationDTO' could be found (are you missing a using directive or an assembly reference?) [C:\Users\azizn\OneDrive\Desktop\Code Plus Sessions\CodePlus_Graduation\SkillSwap.Web\SkillSwap.Web.csproj]
C:\Users\azizn\OneDrive\Desktop\Code Plus Sessions\CodePlus_Graduation\SkillSwap.Web\Views\Chat\Index.cshtml(36,101): error CS1061: 'ConversationDTO' does not contain a definition for 'OtherUserName' and no accessible extension method 'OtherUserName' accepting a first argument of type 'ConversationDTO' could be found (are you missing a using directive or an assembly reference?) [C:\Users\azizn\OneDrive\Desktop\Code Plus Sessions\CodePlus_Graduation\SkillSwap.Web\SkillSwap.Web.csproj]
C:\Users\azizn\OneDrive\Desktop\Code Plus Sessions\CodePlus_Graduation\SkillSwap.Web\Views\Chat\Index.cshtml(40,75): error CS1061: 'ConversationDTO' does not contain a definition for 'OtherUserName' and no accessible extension method 'OtherUserName' accepting a first argument of type 'ConversationDTO' could be found (are you missing a using directive or an assembly reference?) [C:\Users\azizn\OneDrive\Desktop\Code Plus Sessions\CodePlus_Graduation\SkillSwap.Web\SkillSwap.Web.csproj]
C:\Users\azizn\OneDrive\Desktop\Code Plus Sessions\CodePlus_Graduation\SkillSwap.Web\Views\Chat\Index.cshtml(40,94): error CS1061: 'ConversationDTO' does not contain a definition for 'OtherUserName' and no accessible extension method 'OtherUserName' accepting a first argument of type 'ConversationDTO' could be found (are you missing a using directive or an assembly reference?) [C:\Users\azizn\OneDrive\Desktop\Code Plus Sessions\CodePlus_Graduation\SkillSwap.Web\SkillSwap.Web.csproj]
C:\Users\azizn\OneDrive\Desktop\Code Plus Sessions\CodePlus_Graduation\SkillSwap.Web\Views\Chat\Index.cshtml(45,83): error CS1061: 'ConversationDTO' does not contain a definition for 'OtherUserName' and no accessible extension method 'OtherUserName' accepting a first argument of type 'ConversationDTO' could be found (are you missing a using directive or an assembly reference?) [C:\Users\azizn\OneDrive\Desktop\Code Plus Sessions\CodePlus_Graduation\SkillSwap.Web\SkillSwap.Web.csproj]
C:\Users\azizn\OneDrive\Desktop\Code Plus Sessions\CodePlus_Graduation\SkillSwap.Web\Views\Chat\Index.cshtml(48,109): error CS1061: 'ConversationDTO' does not contain a definition for 'LastMessagePreview' and no accessible extension method 'LastMessagePreview' accepting a first argument of type 'ConversationDTO' could be found (are you missing a using directive or an assembly reference?) [C:\Users\azizn\OneDrive\Desktop\Code Plus Sessions\CodePlus_Graduation\SkillSwap.Web\SkillSwap.Web.csproj]
C:\Users\azizn\OneDrive\Desktop\Code Plus Sessions\CodePlus_Graduation\SkillSwap.Web\Views\Chat\Index.cshtml(48,160): error CS1061: 'ConversationDTO' does not contain a definition for 'LastMessagePreview' and no accessible extension method 'LastMessagePreview' accepting a first argument of type 'ConversationDTO' could be found (are you missing a using directive or an assembly reference?) [C:\Users\azizn\OneDrive\Desktop\Code Plus Sessions\CodePlus_Graduation\SkillSwap.Web\SkillSwap.Web.csproj]
C:\Users\azizn\OneDrive\Desktop\Code Plus Sessions\CodePlus_Graduation\SkillSwap.Web\Views\Chat\Index.cshtml(70,68): error CS1061: 'ConversationDTO' does not contain a definition for 'OtherUserAvatarUrl' and no accessible extension method 'OtherUserAvatarUrl' accepting a first argument of type 'ConversationDTO' could be found (are you missing a using directive or an assembly reference?) [C:\Users\azizn\OneDrive\Desktop\Code Plus Sessions\CodePlus_Graduation\SkillSwap.Web\SkillSwap.Web.csproj]
C:\Users\azizn\OneDrive\Desktop\Code Plus Sessions\CodePlus_Graduation\SkillSwap.Web\Views\Chat\Index.cshtml(72,78): error CS1061: 'ConversationDTO' does not contain a definition for 'OtherUserAvatarUrl' and no accessible extension method 'OtherUserAvatarUrl' accepting a first argument of type 'ConversationDTO' could be found (are you missing a using directive or an assembly reference?) [C:\Users\azizn\OneDrive\Desktop\Code Plus Sessions\CodePlus_Graduation\SkillSwap.Web\SkillSwap.Web.csproj]
C:\Users\azizn\OneDrive\Desktop\Code Plus Sessions\CodePlus_Graduation\SkillSwap.Web\Views\Chat\Index.cshtml(72,117): error CS1061: 'ConversationDTO' does not contain a definition for 'OtherUserName' and no accessible extension method 'OtherUserName' accepting a first argument of type 'ConversationDTO' could be found (are you missing a using directive or an assembly reference?) [C:\Users\azizn\OneDrive\Desktop\Code Plus Sessions\CodePlus_Graduation\SkillSwap.Web\SkillSwap.Web.csproj]
C:\Users\azizn\OneDrive\Desktop\Code Plus Sessions\CodePlus_Graduation\SkillSwap.Web\Views\Chat\Index.cshtml(76,81): error CS1061: 'ConversationDTO' does not contain a definition for 'OtherUserName' and no accessible extension method 'OtherUserName' accepting a first argument of type 'ConversationDTO' could be found (are you missing a using directive or an assembly reference?) [C:\Users\azizn\OneDrive\Desktop\Code Plus Sessions\CodePlus_Graduation\SkillSwap.Web\SkillSwap.Web.csproj]
C:\Users\azizn\OneDrive\Desktop\Code Plus Sessions\CodePlus_Graduation\SkillSwap.Web\Views\Chat\Index.cshtml(76,110): error CS1061: 'ConversationDTO' does not contain a definition for 'OtherUserName' and no accessible extension method 'OtherUserName' accepting a first argument of type 'ConversationDTO' could be found (are you missing a using directive or an assembly reference?) [C:\Users\azizn\OneDrive\Desktop\Code Plus Sessions\CodePlus_Graduation\SkillSwap.Web\SkillSwap.Web.csproj]
C:\Users\azizn\OneDrive\Desktop\Code Plus Sessions\CodePlus_Graduation\SkillSwap.Web\Views\Chat\Index.cshtml(80,71): error CS1061: 'ConversationDTO' does not contain a definition for 'OtherUserName' and no accessible extension method 'OtherUserName' accepting a first argument of type 'ConversationDTO' could be found (are you missing a using directive or an assembly reference?) [C:\Users\azizn\OneDrive\Desktop\Code Plus Sessions\CodePlus_Graduation\SkillSwap.Web\SkillSwap.Web.csproj]
C:\Users\azizn\OneDrive\Desktop\Code Plus Sessions\CodePlus_Graduation\SkillSwap.Web\Views\Chat\Index.cshtml(86,170): error CS1061: 'ConversationDTO' does not contain a definition for 'OtherUserId' and no accessible extension method 'OtherUserId' accepting a first argument of type 'ConversationDTO' could be found (are you missing a using directive or an assembly reference?) [C:\Users\azizn\OneDrive\Desktop\Code Plus Sessions\CodePlus_Graduation\SkillSwap.Web\SkillSwap.Web.csproj]
C:\Users\azizn\OneDrive\Desktop\Code Plus Sessions\CodePlus_Graduation\SkillSwap.Web\Views\Chat\Index.cshtml(89,148): error CS1061: 'ConversationDTO' does not contain a definition for 'OtherUserId' and no accessible extension method 'OtherUserId' accepting a first argument of type 'ConversationDTO' could be found (are you missing a using directive or an assembly reference?) [C:\Users\azizn\OneDrive\Desktop\Code Plus Sessions\CodePlus_Graduation\SkillSwap.Web\SkillSwap.Web.csproj]
C:\Users\azizn\OneDrive\Desktop\Code Plus Sessions\CodePlus_Graduation\SkillSwap.Web\Views\Chat\Index.cshtml(100,59): error CS1061: 'ConversationDTO' does not contain a definition for 'OtherUserName' and no accessible extension method 'OtherUserName' accepting a first argument of type 'ConversationDTO' could be found (are you missing a using directive or an assembly reference?) [C:\Users\azizn\OneDrive\Desktop\Code Plus Sessions\CodePlus_Graduation\SkillSwap.Web\SkillSwap.Web.csproj]
C:\Users\azizn\OneDrive\Desktop\Code Plus Sessions\CodePlus_Graduation\SkillSwap.Web\Controllers\AuthController.cs(117,37): error CS1061: 'Verify2FaRequest' does not contain a definition for 'Email' and no accessible extension method 'Email' accepting a first argument of type 'Verify2FaRequest' could be found (are you missing a using directive or an assembly reference?) [C:\Users\azizn\OneDrive\Desktop\Code Plus Sessions\CodePlus_Graduation\SkillSwap.Web\SkillSwap.Web.csproj]
C:\Users\azizn\OneDrive\Desktop\Code Plus Sessions\CodePlus_Graduation\SkillSwap.Web\Views\Profile\PublicProfile.cshtml(27,91): error CS1061: 'PublicUserProfileDTO' does not contain a definition for 'CreatedAt' and no accessible extension method 'CreatedAt' accepting a first argument of type 'PublicUserProfileDTO' could be found (are you missing a using directive or an assembly reference?) [C:\Users\azizn\OneDrive\Desktop\Code Plus Sessions\CodePlus_Graduation\SkillSwap.Web\SkillSwap.Web.csproj]
C:\Users\azizn\OneDrive\Desktop\Code Plus Sessions\CodePlus_Graduation\SkillSwap.Web\Views\Profile\PublicProfile.cshtml(138,63): error CS1061: 'ReviewDTO' does not contain a definition for 'Rating' and no accessible extension method 'Rating' accepting a first argument of type 'ReviewDTO' could be found (are you missing a using directive or an assembly reference?) [C:\Users\azizn\OneDrive\Desktop\Code Plus Sessions\CodePlus_Graduation\SkillSwap.Web\SkillSwap.Web.csproj]
C:\Users\azizn\OneDrive\Desktop\Code Plus Sessions\CodePlus_Graduation\SkillSwap.Web\Views\Auth\TwoFactor.cshtml(24,51): error CS1061: 'Verify2FaRequest' does not contain a definition for 'Email' and no accessible extension method 'Email' accepting a first argument of type 'Verify2FaRequest' could be found (are you missing a using directive or an assembly reference?) [C:\Users\azizn\OneDrive\Desktop\Code Plus Sessions\CodePlus_Graduation\SkillSwap.Web\SkillSwap.Web.csproj]
C:\Users\azizn\OneDrive\Desktop\Code Plus Sessions\CodePlus_Graduation\SkillSwap.Web\Views\Payments\Index.cshtml(107,58): error CS0019: Operator '==' cannot be applied to operands of type 'PaymentStatus' and 'string' [C:\Users\azizn\OneDrive\Desktop\Code Plus Sessions\CodePlus_Graduation\SkillSwap.Web\SkillSwap.Web.csproj]
C:\Users\azizn\OneDrive\Desktop\Code Plus Sessions\CodePlus_Graduation\SkillSwap.Web\Views\Payments\Index.cshtml(107,86): error CS0019: Operator '==' cannot be applied to operands of type 'PaymentStatus' and 'string' [C:\Users\azizn\OneDrive\Desktop\Code Plus Sessions\CodePlus_Graduation\SkillSwap.Web\SkillSwap.Web.csproj]
C:\Users\azizn\OneDrive\Desktop\Code Plus Sessions\CodePlus_Graduation\SkillSwap.Web\Controllers\AuthController.cs(183,49): error CS1061: 'AuthResponseDTO' does not contain a definition for 'UserId' and no accessible extension method 'UserId' accepting a first argument of type 'AuthResponseDTO' could be found (are you missing a using directive or an assembly reference?) [C:\Users\azizn\OneDrive\Desktop\Code Plus Sessions\CodePlus_Graduation\SkillSwap.Web\SkillSwap.Web.csproj]
C:\Users\azizn\OneDrive\Desktop\Code Plus Sessions\CodePlus_Graduation\SkillSwap.Web\Controllers\AuthController.cs(183,17): error CS1503: Argument 1: cannot convert from 'string' to 'System.IO.BinaryReader' [C:\Users\azizn\OneDrive\Desktop\Code Plus Sessions\CodePlus_Graduation\SkillSwap.Web\SkillSwap.Web.csproj]
C:\Users\azizn\OneDrive\Desktop\Code Plus Sessions\CodePlus_Graduation\SkillSwap.Web\Controllers\AuthController.cs(184,39): error CS1061: 'AuthResponseDTO' does not contain a definition for 'FullName' and no accessible extension method 'FullName' accepting a first argument of type 'AuthResponseDTO' could be found (are you missing a using directive or an assembly reference?) [C:\Users\azizn\OneDrive\Desktop\Code Plus Sessions\CodePlus_Graduation\SkillSwap.Web\SkillSwap.Web.csproj]
C:\Users\azizn\OneDrive\Desktop\Code Plus Sessions\CodePlus_Graduation\SkillSwap.Web\Controllers\AuthController.cs(184,17): error CS1503: Argument 1: cannot convert from 'string' to 'System.IO.BinaryReader' [C:\Users\azizn\OneDrive\Desktop\Code Plus Sessions\CodePlus_Graduation\SkillSwap.Web\SkillSwap.Web.csproj]
C:\Users\azizn\OneDrive\Desktop\Code Plus Sessions\CodePlus_Graduation\SkillSwap.Web\Controllers\AuthController.cs(185,40): error CS1061: 'AuthResponseDTO' does not contain a definition for 'Email' and no accessible extension method 'Email' accepting a first argument of type 'AuthResponseDTO' could be found (are you missing a using directive or an assembly reference?) [C:\Users\azizn\OneDrive\Desktop\Code Plus Sessions\CodePlus_Graduation\SkillSwap.Web\SkillSwap.Web.csproj]
C:\Users\azizn\OneDrive\Desktop\Code Plus Sessions\CodePlus_Graduation\SkillSwap.Web\Controllers\AuthController.cs(185,17): error CS1503: Argument 1: cannot convert from 'string' to 'System.IO.BinaryReader' [C:\Users\azizn\OneDrive\Desktop\Code Plus Sessions\CodePlus_Graduation\SkillSwap.Web\SkillSwap.Web.csproj]
C:\Users\azizn\OneDrive\Desktop\Code Plus Sessions\CodePlus_Graduation\SkillSwap.Web\Controllers\AuthController.cs(186,39): error CS1061: 'AuthResponseDTO' does not contain a definition for 'Role' and no accessible extension method 'Role' accepting a first argument of type 'AuthResponseDTO' could be found (are you missing a using directive or an assembly reference?) [C:\Users\azizn\OneDrive\Desktop\Code Plus Sessions\CodePlus_Graduation\SkillSwap.Web\SkillSwap.Web.csproj]
C:\Users\azizn\OneDrive\Desktop\Code Plus Sessions\CodePlus_Graduation\SkillSwap.Web\Controllers\AuthController.cs(186,17): error CS1503: Argument 1: cannot convert from 'string' to 'System.IO.BinaryReader' [C:\Users\azizn\OneDrive\Desktop\Code Plus Sessions\CodePlus_Graduation\SkillSwap.Web\SkillSwap.Web.csproj]
C:\Users\azizn\OneDrive\Desktop\Code Plus Sessions\CodePlus_Graduation\SkillSwap.Web\Controllers\AuthController.cs(189,35): error CS1061: 'AuthResponseDTO' does not contain a definition for 'AvatarUrl' and no accessible extension method 'AvatarUrl' accepting a first argument of type 'AuthResponseDTO' could be found (are you missing a using directive or an assembly reference?) [C:\Users\azizn\OneDrive\Desktop\Code Plus Sessions\CodePlus_Graduation\SkillSwap.Web\SkillSwap.Web.csproj]
C:\Users\azizn\OneDrive\Desktop\Code Plus Sessions\CodePlus_Graduation\SkillSwap.Web\Controllers\AuthController.cs(189,17): error CS1503: Argument 1: cannot convert from 'string' to 'System.IO.BinaryReader' [C:\Users\azizn\OneDrive\Desktop\Code Plus Sessions\CodePlus_Graduation\SkillSwap.Web\SkillSwap.Web.csproj]
C:\Users\azizn\OneDrive\Desktop\Code Plus Sessions\CodePlus_Graduation\SkillSwap.Web\Views\Profile\Index.cshtml(153,59): error CS1061: 'UserDesiredSkillDTO' does not contain a definition for 'PriorityLevel' and no accessible extension method 'PriorityLevel' accepting a first argument of type 'UserDesiredSkillDTO' could be found (are you missing a using directive or an assembly reference?) [C:\Users\azizn\OneDrive\Desktop\Code Plus Sessions\CodePlus_Graduation\SkillSwap.Web\SkillSwap.Web.csproj]

Build FAILED.

C:\Users\azizn\OneDrive\Desktop\Code Plus Sessions\CodePlus_Graduation\SkillSwap.Web\Controllers\AdminController.cs(37,13): error CS0117: 'ResolveReportRequest' does not contain a definition for 'ActionTaken' [C:\Users\azizn\OneDrive\Desktop\Code Plus Sessions\CodePlus_Graduation\SkillSwap.Web\SkillSwap.Web.csproj]
C:\Users\azizn\OneDrive\Desktop\Code Plus Sessions\CodePlus_Graduation\SkillSwap.Web\Views\Admin\Index.cshtml(90,58): error CS0019: Operator '==' cannot be applied to operands of type 'ReportStatus' and 'string' [C:\Users\azizn\OneDrive\Desktop\Code Plus Sessions\CodePlus_Graduation\SkillSwap.Web\SkillSwap.Web.csproj]
C:\Users\azizn\OneDrive\Desktop\Code Plus Sessions\CodePlus_Graduation\SkillSwap.Web\Views\Admin\Index.cshtml(95,42): error CS0019: Operator '!=' cannot be applied to operands of type 'ReportStatus' and 'string' [C:\Users\azizn\OneDrive\Desktop\Code Plus Sessions\CodePlus_Graduation\SkillSwap.Web\SkillSwap.Web.csproj]
C:\Users\azizn\OneDrive\Desktop\Code Plus Sessions\CodePlus_Graduation\SkillSwap.Web\Controllers\SessionsController.cs(72,52): error CS0117: 'CompleteSessionRequest' does not contain a definition for 'CompletedNotes' [C:\Users\azizn\OneDrive\Desktop\Code Plus Sessions\CodePlus_Graduation\SkillSwap.Web\SkillSwap.Web.csproj]
C:\Users\azizn\OneDrive\Desktop\Code Plus Sessions\CodePlus_Graduation\SkillSwap.Web\Controllers\PaymentsController.cs(37,51): error CS0246: The type or namespace name 'CheckoutSessionResponseDTO' could not be found (are you missing a using directive or an assembly reference?) [C:\Users\azizn\OneDrive\Desktop\Code Plus Sessions\CodePlus_Graduation\SkillSwap.Web\SkillSwap.Web.csproj]
C:\Users\azizn\OneDrive\Desktop\Code Plus Sessions\CodePlus_Graduation\SkillSwap.Web\Controllers\AuthController.cs(54,69): error CS1061: 'AuthResponseDTO' does not contain a definition for 'Email' and no accessible extension method 'Email' accepting a first argument of type 'AuthResponseDTO' could be found (are you missing a using directive or an assembly reference?) [C:\Users\azizn\OneDrive\Desktop\Code Plus Sessions\CodePlus_Graduation\SkillSwap.Web\SkillSwap.Web.csproj]
C:\Users\azizn\OneDrive\Desktop\Code Plus Sessions\CodePlus_Graduation\SkillSwap.Web\Controllers\AuthController.cs(59,53): error CS1061: 'AuthResponseDTO' does not contain a definition for 'FullName' and no accessible extension method 'FullName' accepting a first argument of type 'AuthResponseDTO' could be found (are you missing a using directive or an assembly reference?) [C:\Users\azizn\OneDrive\Desktop\Code Plus Sessions\CodePlus_Graduation\SkillSwap.Web\SkillSwap.Web.csproj]
C:\Users\azizn\OneDrive\Desktop\Code Plus Sessions\CodePlus_Graduation\SkillSwap.Web\Controllers\PaymentsController.cs(52,63): error CS0117: 'CreateSubscriptionCheckoutRequest' does not contain a definition for 'PlanType' [C:\Users\azizn\OneDrive\Desktop\Code Plus Sessions\CodePlus_Graduation\SkillSwap.Web\SkillSwap.Web.csproj]
C:\Users\azizn\OneDrive\Desktop\Code Plus Sessions\CodePlus_Graduation\SkillSwap.Web\Controllers\PaymentsController.cs(53,51): error CS0246: The type or namespace name 'CheckoutSessionResponseDTO' could not be found (are you missing a using directive or an assembly reference?) [C:\Users\azizn\OneDrive\Desktop\Code Plus Sessions\CodePlus_Graduation\SkillSwap.Web\SkillSwap.Web.csproj]
C:\Users\azizn\OneDrive\Desktop\Code Plus Sessions\CodePlus_Graduation\SkillSwap.Web\Views\Auth\Register.cshtml(57,49): error CS1061: 'RegisterRequest' does not contain a definition for 'ConfirmPassword' and no accessible extension method 'ConfirmPassword' accepting a first argument of type 'RegisterRequest' could be found (are you missing a using directive or an assembly reference?) [C:\Users\azizn\OneDrive\Desktop\Code Plus Sessions\CodePlus_Graduation\SkillSwap.Web\SkillSwap.Web.csproj]
C:\Users\azizn\OneDrive\Desktop\Code Plus Sessions\CodePlus_Graduation\SkillSwap.Web\Views\Auth\Register.cshtml(59,55): error CS1061: 'RegisterRequest' does not contain a definition for 'ConfirmPassword' and no accessible extension method 'ConfirmPassword' accepting a first argument of type 'RegisterRequest' could be found (are you missing a using directive or an assembly reference?) [C:\Users\azizn\OneDrive\Desktop\Code Plus Sessions\CodePlus_Graduation\SkillSwap.Web\SkillSwap.Web.csproj]
C:\Users\azizn\OneDrive\Desktop\Code Plus Sessions\CodePlus_Graduation\SkillSwap.Web\Views\Auth\ResetPassword.cshtml(39,45): error CS1061: 'ResetPasswordRequest' does not contain a definition for 'ConfirmPassword' and no accessible extension method 'ConfirmPassword' accepting a first argument of type 'ResetPasswordRequest' could be found (are you missing a using directive or an assembly reference?) [C:\Users\azizn\OneDrive\Desktop\Code Plus Sessions\CodePlus_Graduation\SkillSwap.Web\SkillSwap.Web.csproj]
C:\Users\azizn\OneDrive\Desktop\Code Plus Sessions\CodePlus_Graduation\SkillSwap.Web\Views\Chat\Index.cshtml(34,62): error CS1061: 'ConversationDTO' does not contain a definition for 'OtherUserAvatarUrl' and no accessible extension method 'OtherUserAvatarUrl' accepting a first argument of type 'ConversationDTO' could be found (are you missing a using directive or an assembly reference?) [C:\Users\azizn\OneDrive\Desktop\Code Plus Sessions\CodePlus_Graduation\SkillSwap.Web\SkillSwap.Web.csproj]
C:\Users\azizn\OneDrive\Desktop\Code Plus Sessions\CodePlus_Graduation\SkillSwap.Web\Views\Chat\Index.cshtml(36,72): error CS1061: 'ConversationDTO' does not contain a definition for 'OtherUserAvatarUrl' and no accessible extension method 'OtherUserAvatarUrl' accepting a first argument of type 'ConversationDTO' could be found (are you missing a using directive or an assembly reference?) [C:\Users\azizn\OneDrive\Desktop\Code Plus Sessions\CodePlus_Graduation\SkillSwap.Web\SkillSwap.Web.csproj]
C:\Users\azizn\OneDrive\Desktop\Code Plus Sessions\CodePlus_Graduation\SkillSwap.Web\Views\Chat\Index.cshtml(36,101): error CS1061: 'ConversationDTO' does not contain a definition for 'OtherUserName' and no accessible extension method 'OtherUserName' accepting a first argument of type 'ConversationDTO' could be found (are you missing a using directive or an assembly reference?) [C:\Users\azizn\OneDrive\Desktop\Code Plus Sessions\CodePlus_Graduation\SkillSwap.Web\SkillSwap.Web.csproj]
C:\Users\azizn\OneDrive\Desktop\Code Plus Sessions\CodePlus_Graduation\SkillSwap.Web\Views\Chat\Index.cshtml(40,75): error CS1061: 'ConversationDTO' does not contain a definition for 'OtherUserName' and no accessible extension method 'OtherUserName' accepting a first argument of type 'ConversationDTO' could be found (are you missing a using directive or an assembly reference?) [C:\Users\azizn\OneDrive\Desktop\Code Plus Sessions\CodePlus_Graduation\SkillSwap.Web\SkillSwap.Web.csproj]
C:\Users\azizn\OneDrive\Desktop\Code Plus Sessions\CodePlus_Graduation\SkillSwap.Web\Views\Chat\Index.cshtml(40,94): error CS1061: 'ConversationDTO' does not contain a definition for 'OtherUserName' and no accessible extension method 'OtherUserName' accepting a first argument of type 'ConversationDTO' could be found (are you missing a using directive or an assembly reference?) [C:\Users\azizn\OneDrive\Desktop\Code Plus Sessions\CodePlus_Graduation\SkillSwap.Web\SkillSwap.Web.csproj]
C:\Users\azizn\OneDrive\Desktop\Code Plus Sessions\CodePlus_Graduation\SkillSwap.Web\Views\Chat\Index.cshtml(45,83): error CS1061: 'ConversationDTO' does not contain a definition for 'OtherUserName' and no accessible extension method 'OtherUserName' accepting a first argument of type 'ConversationDTO' could be found (are you missing a using directive or an assembly reference?) [C:\Users\azizn\OneDrive\Desktop\Code Plus Sessions\CodePlus_Graduation\SkillSwap.Web\SkillSwap.Web.csproj]
C:\Users\azizn\OneDrive\Desktop\Code Plus Sessions\CodePlus_Graduation\SkillSwap.Web\Views\Chat\Index.cshtml(48,109): error CS1061: 'ConversationDTO' does not contain a definition for 'LastMessagePreview' and no accessible extension method 'LastMessagePreview' accepting a first argument of type 'ConversationDTO' could be found (are you missing a using directive or an assembly reference?) [C:\Users\azizn\OneDrive\Desktop\Code Plus Sessions\CodePlus_Graduation\SkillSwap.Web\SkillSwap.Web.csproj]
C:\Users\azizn\OneDrive\Desktop\Code Plus Sessions\CodePlus_Graduation\SkillSwap.Web\Views\Chat\Index.cshtml(48,160): error CS1061: 'ConversationDTO' does not contain a definition for 'LastMessagePreview' and no accessible extension method 'LastMessagePreview' accepting a first argument of type 'ConversationDTO' could be found (are you missing a using directive or an assembly reference?) [C:\Users\azizn\OneDrive\Desktop\Code Plus Sessions\CodePlus_Graduation\SkillSwap.Web\SkillSwap.Web.csproj]
C:\Users\azizn\OneDrive\Desktop\Code Plus Sessions\CodePlus_Graduation\SkillSwap.Web\Views\Chat\Index.cshtml(70,68): error CS1061: 'ConversationDTO' does not contain a definition for 'OtherUserAvatarUrl' and no accessible extension method 'OtherUserAvatarUrl' accepting a first argument of type 'ConversationDTO' could be found (are you missing a using directive or an assembly reference?) [C:\Users\azizn\OneDrive\Desktop\Code Plus Sessions\CodePlus_Graduation\SkillSwap.Web\SkillSwap.Web.csproj]
C:\Users\azizn\OneDrive\Desktop\Code Plus Sessions\CodePlus_Graduation\SkillSwap.Web\Views\Chat\Index.cshtml(72,78): error CS1061: 'ConversationDTO' does not contain a definition for 'OtherUserAvatarUrl' and no accessible extension method 'OtherUserAvatarUrl' accepting a first argument of type 'ConversationDTO' could be found (are you missing a using directive or an assembly reference?) [C:\Users\azizn\OneDrive\Desktop\Code Plus Sessions\CodePlus_Graduation\SkillSwap.Web\SkillSwap.Web.csproj]
C:\Users\azizn\OneDrive\Desktop\Code Plus Sessions\CodePlus_Graduation\SkillSwap.Web\Views\Chat\Index.cshtml(72,117): error CS1061: 'ConversationDTO' does not contain a definition for 'OtherUserName' and no accessible extension method 'OtherUserName' accepting a first argument of type 'ConversationDTO' could be found (are you missing a using directive or an assembly reference?) [C:\Users\azizn\OneDrive\Desktop\Code Plus Sessions\CodePlus_Graduation\SkillSwap.Web\SkillSwap.Web.csproj]
C:\Users\azizn\OneDrive\Desktop\Code Plus Sessions\CodePlus_Graduation\SkillSwap.Web\Views\Chat\Index.cshtml(76,81): error CS1061: 'ConversationDTO' does not contain a definition for 'OtherUserName' and no accessible extension method 'OtherUserName' accepting a first argument of type 'ConversationDTO' could be found (are you missing a using directive or an assembly reference?) [C:\Users\azizn\OneDrive\Desktop\Code Plus Sessions\CodePlus_Graduation\SkillSwap.Web\SkillSwap.Web.csproj]
C:\Users\azizn\OneDrive\Desktop\Code Plus Sessions\CodePlus_Graduation\SkillSwap.Web\Views\Chat\Index.cshtml(76,110): error CS1061: 'ConversationDTO' does not contain a definition for 'OtherUserName' and no accessible extension method 'OtherUserName' accepting a first argument of type 'ConversationDTO' could be found (are you missing a using directive or an assembly reference?) [C:\Users\azizn\OneDrive\Desktop\Code Plus Sessions\CodePlus_Graduation\SkillSwap.Web\SkillSwap.Web.csproj]
C:\Users\azizn\OneDrive\Desktop\Code Plus Sessions\CodePlus_Graduation\SkillSwap.Web\Views\Chat\Index.cshtml(80,71): error CS1061: 'ConversationDTO' does not contain a definition for 'OtherUserName' and no accessible extension method 'OtherUserName' accepting a first argument of type 'ConversationDTO' could be found (are you missing a using directive or an assembly reference?) [C:\Users\azizn\OneDrive\Desktop\Code Plus Sessions\CodePlus_Graduation\SkillSwap.Web\SkillSwap.Web.csproj]
C:\Users\azizn\OneDrive\Desktop\Code Plus Sessions\CodePlus_Graduation\SkillSwap.Web\Views\Chat\Index.cshtml(86,170): error CS1061: 'ConversationDTO' does not contain a definition for 'OtherUserId' and no accessible extension method 'OtherUserId' accepting a first argument of type 'ConversationDTO' could be found (are you missing a using directive or an assembly reference?) [C:\Users\azizn\OneDrive\Desktop\Code Plus Sessions\CodePlus_Graduation\SkillSwap.Web\SkillSwap.Web.csproj]
C:\Users\azizn\OneDrive\Desktop\Code Plus Sessions\CodePlus_Graduation\SkillSwap.Web\Views\Chat\Index.cshtml(89,148): error CS1061: 'ConversationDTO' does not contain a definition for 'OtherUserId' and no accessible extension method 'OtherUserId' accepting a first argument of type 'ConversationDTO' could be found (are you missing a using directive or an assembly reference?) [C:\Users\azizn\OneDrive\Desktop\Code Plus Sessions\CodePlus_Graduation\SkillSwap.Web\SkillSwap.Web.csproj]
C:\Users\azizn\OneDrive\Desktop\Code Plus Sessions\CodePlus_Graduation\SkillSwap.Web\Views\Chat\Index.cshtml(100,59): error CS1061: 'ConversationDTO' does not contain a definition for 'OtherUserName' and no accessible extension method 'OtherUserName' accepting a first argument of type 'ConversationDTO' could be found (are you missing a using directive or an assembly reference?) [C:\Users\azizn\OneDrive\Desktop\Code Plus Sessions\CodePlus_Graduation\SkillSwap.Web\SkillSwap.Web.csproj]
C:\Users\azizn\OneDrive\Desktop\Code Plus Sessions\CodePlus_Graduation\SkillSwap.Web\Controllers\AuthController.cs(117,37): error CS1061: 'Verify2FaRequest' does not contain a definition for 'Email' and no accessible extension method 'Email' accepting a first argument of type 'Verify2FaRequest' could be found (are you missing a using directive or an assembly reference?) [C:\Users\azizn\OneDrive\Desktop\Code Plus Sessions\CodePlus_Graduation\SkillSwap.Web\SkillSwap.Web.csproj]
C:\Users\azizn\OneDrive\Desktop\Code Plus Sessions\CodePlus_Graduation\SkillSwap.Web\Views\Profile\PublicProfile.cshtml(27,91): error CS1061: 'PublicUserProfileDTO' does not contain a definition for 'CreatedAt' and no accessible extension method 'CreatedAt' accepting a first argument of type 'PublicUserProfileDTO' could be found (are you missing a using directive or an assembly reference?) [C:\Users\azizn\OneDrive\Desktop\Code Plus Sessions\CodePlus_Graduation\SkillSwap.Web\SkillSwap.Web.csproj]
C:\Users\azizn\OneDrive\Desktop\Code Plus Sessions\CodePlus_Graduation\SkillSwap.Web\Views\Profile\PublicProfile.cshtml(138,63): error CS1061: 'ReviewDTO' does not contain a definition for 'Rating' and no accessible extension method 'Rating' accepting a first argument of type 'ReviewDTO' could be found (are you missing a using directive or an assembly reference?) [C:\Users\azizn\OneDrive\Desktop\Code Plus Sessions\CodePlus_Graduation\SkillSwap.Web\SkillSwap.Web.csproj]
C:\Users\azizn\OneDrive\Desktop\Code Plus Sessions\CodePlus_Graduation\SkillSwap.Web\Views\Auth\TwoFactor.cshtml(24,51): error CS1061: 'Verify2FaRequest' does not contain a definition for 'Email' and no accessible extension method 'Email' accepting a first argument of type 'Verify2FaRequest' could be found (are you missing a using directive or an assembly reference?) [C:\Users\azizn\OneDrive\Desktop\Code Plus Sessions\CodePlus_Graduation\SkillSwap.Web\SkillSwap.Web.csproj]
C:\Users\azizn\OneDrive\Desktop\Code Plus Sessions\CodePlus_Graduation\SkillSwap.Web\Views\Payments\Index.cshtml(107,58): error CS0019: Operator '==' cannot be applied to operands of type 'PaymentStatus' and 'string' [C:\Users\azizn\OneDrive\Desktop\Code Plus Sessions\CodePlus_Graduation\SkillSwap.Web\SkillSwap.Web.csproj]
C:\Users\azizn\OneDrive\Desktop\Code Plus Sessions\CodePlus_Graduation\SkillSwap.Web\Views\Payments\Index.cshtml(107,86): error CS0019: Operator '==' cannot be applied to operands of type 'PaymentStatus' and 'string' [C:\Users\azizn\OneDrive\Desktop\Code Plus Sessions\CodePlus_Graduation\SkillSwap.Web\SkillSwap.Web.csproj]
C:\Users\azizn\OneDrive\Desktop\Code Plus Sessions\CodePlus_Graduation\SkillSwap.Web\Controllers\AuthController.cs(183,49): error CS1061: 'AuthResponseDTO' does not contain a definition for 'UserId' and no accessible extension method 'UserId' accepting a first argument of type 'AuthResponseDTO' could be found (are you missing a using directive or an assembly reference?) [C:\Users\azizn\OneDrive\Desktop\Code Plus Sessions\CodePlus_Graduation\SkillSwap.Web\SkillSwap.Web.csproj]
C:\Users\azizn\OneDrive\Desktop\Code Plus Sessions\CodePlus_Graduation\SkillSwap.Web\Controllers\AuthController.cs(183,17): error CS1503: Argument 1: cannot convert from 'string' to 'System.IO.BinaryReader' [C:\Users\azizn\OneDrive\Desktop\Code Plus Sessions\CodePlus_Graduation\SkillSwap.Web\SkillSwap.Web.csproj]
C:\Users\azizn\OneDrive\Desktop\Code Plus Sessions\CodePlus_Graduation\SkillSwap.Web\Controllers\AuthController.cs(184,39): error CS1061: 'AuthResponseDTO' does not contain a definition for 'FullName' and no accessible extension method 'FullName' accepting a first argument of type 'AuthResponseDTO' could be found (are you missing a using directive or an assembly reference?) [C:\Users\azizn\OneDrive\Desktop\Code Plus Sessions\CodePlus_Graduation\SkillSwap.Web\SkillSwap.Web.csproj]
C:\Users\azizn\OneDrive\Desktop\Code Plus Sessions\CodePlus_Graduation\SkillSwap.Web\Controllers\AuthController.cs(184,17): error CS1503: Argument 1: cannot convert from 'string' to 'System.IO.BinaryReader' [C:\Users\azizn\OneDrive\Desktop\Code Plus Sessions\CodePlus_Graduation\SkillSwap.Web\SkillSwap.Web.csproj]
C:\Users\azizn\OneDrive\Desktop\Code Plus Sessions\CodePlus_Graduation\SkillSwap.Web\Controllers\AuthController.cs(185,40): error CS1061: 'AuthResponseDTO' does not contain a definition for 'Email' and no accessible extension method 'Email' accepting a first argument of type 'AuthResponseDTO' could be found (are you missing a using directive or an assembly reference?) [C:\Users\azizn\OneDrive\Desktop\Code Plus Sessions\CodePlus_Graduation\SkillSwap.Web\SkillSwap.Web.csproj]
C:\Users\azizn\OneDrive\Desktop\Code Plus Sessions\CodePlus_Graduation\SkillSwap.Web\Controllers\AuthController.cs(185,17): error CS1503: Argument 1: cannot convert from 'string' to 'System.IO.BinaryReader' [C:\Users\azizn\OneDrive\Desktop\Code Plus Sessions\CodePlus_Graduation\SkillSwap.Web\SkillSwap.Web.csproj]
C:\Users\azizn\OneDrive\Desktop\Code Plus Sessions\CodePlus_Graduation\SkillSwap.Web\Controllers\AuthController.cs(186,39): error CS1061: 'AuthResponseDTO' does not contain a definition for 'Role' and no accessible extension method 'Role' accepting a first argument of type 'AuthResponseDTO' could be found (are you missing a using directive or an assembly reference?) [C:\Users\azizn\OneDrive\Desktop\Code Plus Sessions\CodePlus_Graduation\SkillSwap.Web\SkillSwap.Web.csproj]
C:\Users\azizn\OneDrive\Desktop\Code Plus Sessions\CodePlus_Graduation\SkillSwap.Web\Controllers\AuthController.cs(186,17): error CS1503: Argument 1: cannot convert from 'string' to 'System.IO.BinaryReader' [C:\Users\azizn\OneDrive\Desktop\Code Plus Sessions\CodePlus_Graduation\SkillSwap.Web\SkillSwap.Web.csproj]
C:\Users\azizn\OneDrive\Desktop\Code Plus Sessions\CodePlus_Graduation\SkillSwap.Web\Controllers\AuthController.cs(189,35): error CS1061: 'AuthResponseDTO' does not contain a definition for 'AvatarUrl' and no accessible extension method 'AvatarUrl' accepting a first argument of type 'AuthResponseDTO' could be found (are you missing a using directive or an assembly reference?) [C:\Users\azizn\OneDrive\Desktop\Code Plus Sessions\CodePlus_Graduation\SkillSwap.Web\SkillSwap.Web.csproj]
C:\Users\azizn\OneDrive\Desktop\Code Plus Sessions\CodePlus_Graduation\SkillSwap.Web\Controllers\AuthController.cs(189,17): error CS1503: Argument 1: cannot convert from 'string' to 'System.IO.BinaryReader' [C:\Users\azizn\OneDrive\Desktop\Code Plus Sessions\CodePlus_Graduation\SkillSwap.Web\SkillSwap.Web.csproj]
C:\Users\azizn\OneDrive\Desktop\Code Plus Sessions\CodePlus_Graduation\SkillSwap.Web\Views\Profile\Index.cshtml(153,59): error CS1061: 'UserDesiredSkillDTO' does not contain a definition for 'PriorityLevel' and no accessible extension method 'PriorityLevel' accepting a first argument of type 'UserDesiredSkillDTO' could be found (are you missing a using directive or an assembly reference?) [C:\Users\azizn\OneDrive\Desktop\Code Plus Sessions\CodePlus_Graduation\SkillSwap.Web\SkillSwap.Web.csproj]
    0 Warning(s)
    46 Error(s)

Time Elapsed 00:00:01.92
